ENTER pid=836590 ts=551161014469525 nr=12 args=0,0,0,0,0,0
EXIT pid=836590 ts=551161014594588 ret=93824996057088 err=0
ENTER pid=836590 ts=551161014724763 nr=9 args=0,2000,3,22,ffffffff,0
EXIT pid=836590 ts=551161014777164 ret=140737353859072 err=0
ENTER pid=836590 ts=551161014857551 nr=21 args=7ffff7ff3580,4,0,37000,0,1000
EXIT pid=836590 ts=551161014934578 ret=-2 err=1
ENTER pid=836590 ts=551161015052771 nr=257 args=ffffff9c,7fffffff9c60,80000,0,7fffffff9e87,0 str1=/nix/store/rarvfpm927fcbd6b9p0crg09w9r3ywb3-libglvnd-1.7.0/lib/glibc-hwcaps/x86-64-v3/libgmp.so.10
EXIT pid=836590 ts=551161015143325 ret=-2 err=1
ENTER pid=836590 ts=551161015179225 nr=262 args=ffffff9c,7fffffff9c60,7fffffff9d30,0,0,0
EXIT pid=836590 ts=551161015219534 ret=-2 err=1
ENTER pid=836590 ts=551161015251790 nr=257 args=ffffff9c,7fffffff9c60,80000,0,7fffffff9e87,0 str1=/nix/store/rarvfpm927fcbd6b9p0crg09w9r3ywb3-libglvnd-1.7.0/lib/glibc-hwcaps/x86-64-v2/libgmp.so.10
EXIT pid=836590 ts=551161015298397 ret=-2 err=1
ENTER pid=836590 ts=551161015330592 nr=262 args=ffffff9c,7fffffff9c60,7fffffff9d30,0,0,0
EXIT pid=836590 ts=551161015366644 ret=-2 err=1
ENTER pid=836590 ts=551161015397142 nr=257 args=ffffff9c,7fffffff9c60,80000,0,7fffffff9e87,0 str1=/nix/store/rarvfpm927fcbd6b9p0crg09w9r3ywb3-libglvnd-1.7.0/lib/libgmp.so.10
EXIT pid=836590 ts=551161015442050 ret=-2 err=1
ENTER pid=836590 ts=551161015472509 nr=262 args=ffffff9c,7fffffff9c60,7fffffff9d30,0,0,0
EXIT pid=836590 ts=551161015510707 ret=0 err=0
ENTER pid=836590 ts=551161015542114 nr=257 args=ffffff9c,7fffffff9c60,80000,0,7fffffff9e87,0 str1=/nix/store/v5c40hysv678q0yjwvdi0q97rdmxr9r4-mesa-26.2.1/lib/glibc-hwcaps/x86-64-v3/libgmp.so.10
EXIT pid=836590 ts=551161015589289 ret=-2 err=1
ENTER pid=836590 ts=551161015621086 nr=262 args=ffffff9c,7fffffff9c60,7fffffff9d30,0,0,0
EXIT pid=836590 ts=551161015656532 ret=-2 err=1
ENTER pid=836590 ts=551161015687723 nr=257 args=ffffff9c,7fffffff9c60,80000,0,7fffffff9e87,0 str1=/nix/store/v5c40hysv678q0yjwvdi0q97rdmxr9r4-mesa-26.2.1/lib/glibc-hwcaps/x86-64-v2/libgmp.so.10
EXIT pid=836590 ts=551161015731374 ret=-2 err=1
ENTER pid=836590 ts=551161015761561 nr=262 args=ffffff9c,7fffffff9c60,7fffffff9d30,0,0,0
EXIT pid=836590 ts=551161015797851 ret=-2 err=1
ENTER pid=836590 ts=551161015828353 nr=257 args=ffffff9c,7fffffff9c60,80000,0,7fffffff9e87,0 str1=/nix/store/v5c40hysv678q0yjwvdi0q97rdmxr9r4-mesa-26.2.1/lib/libgmp.so.10
EXIT pid=836590 ts=551161015871489 ret=-2 err=1
ENTER pid=836590 ts=551161015902363 nr=262 args=ffffff9c,7fffffff9c60,7fffffff9d30,0,0,0
EXIT pid=836590 ts=551161015939037 ret=0 err=0
ENTER pid=836590 ts=551161015969786 nr=257 args=ffffff9c,7fffffff9c60,80000,0,7fffffff9e87,0 str1=/nix/store/yk95z4hjlzdk418px0fc797qszccfj5p-libxkbcommon-1.13.2/lib/glibc-hwcaps/x86-64-v3/libgmp.so.10
EXIT pid=836590 ts=551161016013992 ret=-2 err=1
ENTER pid=836590 ts=551161016045897 nr=262 args=ffffff9c,7fffffff9c60,7fffffff9d30,0,0,0
EXIT pid=836590 ts=551161016082590 ret=-2 err=1
ENTER pid=836590 ts=551161016112906 nr=257 args=ffffff9c,7fffffff9c60,80000,0,7fffffff9e87,0 str1=/nix/store/yk95z4hjlzdk418px0fc797qszccfj5p-libxkbcommon-1.13.2/lib/glibc-hwcaps/x86-64-v2/libgmp.so.10
EXIT pid=836590 ts=551161016157682 ret=-2 err=1
ENTER pid=836590 ts=551161016187110 nr=262 args=ffffff9c,7fffffff9c60,7fffffff9d30,0,0,0
EXIT pid=836590 ts=551161016220986 ret=-2 err=1
ENTER pid=836590 ts=551161016250012 nr=257 args=ffffff9c,7fffffff9c60,80000,0,7fffffff9e87,0 str1=/nix/store/yk95z4hjlzdk418px0fc797qszccfj5p-libxkbcommon-1.13.2/lib/libgmp.so.10
EXIT pid=836590 ts=551161016291902 ret=-2 err=1
ENTER pid=836590 ts=551161016322047 nr=262 args=ffffff9c,7fffffff9c60,7fffffff9d30,0,0,0
EXIT pid=836590 ts=551161016357122 ret=0 err=0
ENTER pid=836590 ts=551161016386492 nr=257 args=ffffff9c,7fffffff9c60,80000,0,7fffffff9e87,0 str1=/nix/store/vjcwhp0milwa1jqy1inpjxrsh8hjrgwc-wayland-1.26.0/lib/glibc-hwcaps/x86-64-v3/libgmp.so.10
EXIT pid=836590 ts=551161016428940 ret=-2 err=1
ENTER pid=836590 ts=551161016459804 nr=262 args=ffffff9c,7fffffff9c60,7fffffff9d30,0,0,0
EXIT pid=836590 ts=551161016494057 ret=-2 err=1
ENTER pid=836590 ts=551161016553112 nr=257 args=ffffff9c,7fffffff9c60,80000,0,7fffffff9e87,0 str1=/nix/store/vjcwhp0milwa1jqy1inpjxrsh8hjrgwc-wayland-1.26.0/lib/glibc-hwcaps/x86-64-v2/libgmp.so.10
EXIT pid=836590 ts=551161016599250 ret=-2 err=1
ENTER pid=836590 ts=551161016629727 nr=262 args=ffffff9c,7fffffff9c60,7fffffff9d30,0,0,0
EXIT pid=836590 ts=551161016666342 ret=-2 err=1
ENTER pid=836590 ts=551161016696538 nr=257 args=ffffff9c,7fffffff9c60,80000,0,7fffffff9e87,0 str1=/nix/store/vjcwhp0milwa1jqy1inpjxrsh8hjrgwc-wayland-1.26.0/lib/libgmp.so.10
EXIT pid=836590 ts=551161016739668 ret=-2 err=1
ENTER pid=836590 ts=551161016769526 nr=262 args=ffffff9c,7fffffff9c60,7fffffff9d30,0,0,0
EXIT pid=836590 ts=551161016805579 ret=0 err=0
ENTER pid=836590 ts=551161016835631 nr=257 args=ffffff9c,7fffffff9c60,80000,0,7fffffff9e87,0 str1=/nix/store/gvgz0nm1mwj50k0xd2pr78bx9m5mjxvj-alsa-lib-1.2.16.1/lib/glibc-hwcaps/x86-64-v3/libgmp.so.10
EXIT pid=836590 ts=551161016878600 ret=-2 err=1
ENTER pid=836590 ts=551161016908102 nr=262 args=ffffff9c,7fffffff9c60,7fffffff9d30,0,0,0
EXIT pid=836590 ts=551161016944735 ret=-2 err=1
ENTER pid=836590 ts=551161016975193 nr=257 args=ffffff9c,7fffffff9c60,80000,0,7fffffff9e87,0 str1=/nix/store/gvgz0nm1mwj50k0xd2pr78bx9m5mjxvj-alsa-lib-1.2.16.1/lib/glibc-hwcaps/x86-64-v2/libgmp.so.10
EXIT pid=836590 ts=551161017018496 ret=-2 err=1
ENTER pid=836590 ts=551161017053392 nr=262 args=ffffff9c,7fffffff9c60,7fffffff9d30,0,0,0
EXIT pid=836590 ts=551161017134353 ret=-2 err=1
ENTER pid=836590 ts=551161017223663 nr=257 args=ffffff9c,7fffffff9c60,80000,0,7fffffff9e87,0 str1=/nix/store/gvgz0nm1mwj50k0xd2pr78bx9m5mjxvj-alsa-lib-1.2.16.1/lib/libgmp.so.10
EXIT pid=836590 ts=551161017311158 ret=-2 err=1
ENTER pid=836590 ts=551161017354668 nr=262 args=ffffff9c,7fffffff9c60,7fffffff9d30,0,0,0
EXIT pid=836590 ts=551161017384832 ret=0 err=0
ENTER pid=836590 ts=551161017401495 nr=257 args=ffffff9c,7fffffff9c60,80000,0,7fffffff9e87,0 str1=/nix/store/f6d24l529dpahfyl534pv61laggcnbin-libpulseaudio-17.0/lib/glibc-hwcaps/x86-64-v3/libgmp.so.10
EXIT pid=836590 ts=551161017436660 ret=-2 err=1
ENTER pid=836590 ts=551161017453391 nr=262 args=ffffff9c,7fffffff9c60,7fffffff9d30,0,0,0
EXIT pid=836590 ts=551161017471972 ret=-2 err=1
ENTER pid=836590 ts=551161017487276 nr=257 args=ffffff9c,7fffffff9c60,80000,0,7fffffff9e87,0 str1=/nix/store/f6d24l529dpahfyl534pv61laggcnbin-libpulseaudio-17.0/lib/glibc-hwcaps/x86-64-v2/libgmp.so.10
EXIT pid=836590 ts=551161017507455 ret=-2 err=1
ENTER pid=836590 ts=551161017521529 nr=262 args=ffffff9c,7fffffff9c60,7fffffff9d30,0,0,0
EXIT pid=836590 ts=551161017538393 ret=-2 err=1
ENTER pid=836590 ts=551161017552438 nr=257 args=ffffff9c,7fffffff9c60,80000,0,7fffffff9e87,0 str1=/nix/store/f6d24l529dpahfyl534pv61laggcnbin-libpulseaudio-17.0/lib/libgmp.so.10
EXIT pid=836590 ts=551161017572181 ret=-2 err=1
ENTER pid=836590 ts=551161017585921 nr=262 args=ffffff9c,7fffffff9c60,7fffffff9d30,0,0,0
EXIT pid=836590 ts=551161017602411 ret=0 err=0
ENTER pid=836590 ts=551161017616272 nr=257 args=ffffff9c,7fffffff9c60,80000,0,7fffffff9e87,0 str1=/nix/store/3vlnkr6z7hh86rrn087df45s4cfjxy65-libx11-1.8.13/lib/glibc-hwcaps/x86-64-v3/libgmp.so.10
EXIT pid=836590 ts=551161017637921 ret=-2 err=1
ENTER pid=836590 ts=551161017652408 nr=262 args=ffffff9c,7fffffff9c60,7fffffff9d30,0,0,0
EXIT pid=836590 ts=551161017669009 ret=-2 err=1
ENTER pid=836590 ts=551161017683163 nr=257 args=ffffff9c,7fffffff9c60,80000,0,7fffffff9e87,0 str1=/nix/store/3vlnkr6z7hh86rrn087df45s4cfjxy65-libx11-1.8.13/lib/glibc-hwcaps/x86-64-v2/libgmp.so.10
EXIT pid=836590 ts=551161017702123 ret=-2 err=1
ENTER pid=836590 ts=551161017715888 nr=262 args=ffffff9c,7fffffff9c60,7fffffff9d30,0,0,0
EXIT pid=836590 ts=551161017732209 ret=-2 err=1
ENTER pid=836590 ts=551161017745903 nr=257 args=ffffff9c,7fffffff9c60,80000,0,7fffffff9e87,0 str1=/nix/store/3vlnkr6z7hh86rrn087df45s4cfjxy65-libx11-1.8.13/lib/libgmp.so.10
EXIT pid=836590 ts=551161017765235 ret=-2 err=1
ENTER pid=836590 ts=551161017779072 nr=262 args=ffffff9c,7fffffff9c60,7fffffff9d30,0,0,0
EXIT pid=836590 ts=551161017809398 ret=0 err=0
ENTER pid=836590 ts=551161017823452 nr=257 args=ffffff9c,7fffffff9c60,80000,0,7fffffff9e87,0 str1=/nix/store/m51xyp95w4gnhcbncz6xi0x5519m293i-libxext-1.3.7/lib/glibc-hwcaps/x86-64-v3/libgmp.so.10
EXIT pid=836590 ts=551161017844626 ret=-2 err=1
ENTER pid=836590 ts=551161017858788 nr=262 args=ffffff9c,7fffffff9c60,7fffffff9d30,0,0,0
EXIT pid=836590 ts=551161017875507 ret=-2 err=1
ENTER pid=836590 ts=551161017889626 nr=257 args=ffffff9c,7fffffff9c60,80000,0,7fffffff9e87,0 str1=/nix/store/m51xyp95w4gnhcbncz6xi0x5519m293i-libxext-1.3.7/lib/glibc-hwcaps/x86-64-v2/libgmp.so.10
EXIT pid=836590 ts=551161017909371 ret=-2 err=1
ENTER pid=836590 ts=551161017923277 nr=262 args=ffffff9c,7fffffff9c60,7fffffff9d30,0,0,0
EXIT pid=836590 ts=551161017940240 ret=-2 err=1
ENTER pid=836590 ts=551161017954247 nr=257 args=ffffff9c,7fffffff9c60,80000,0,7fffffff9e87,0 str1=/nix/store/m51xyp95w4gnhcbncz6xi0x5519m293i-libxext-1.3.7/lib/libgmp.so.10
EXIT pid=836590 ts=551161017974229 ret=-2 err=1
ENTER pid=836590 ts=551161017988025 nr=262 args=ffffff9c,7fffffff9c60,7fffffff9d30,0,0,0
EXIT pid=836590 ts=551161018005793 ret=0 err=0
ENTER pid=836590 ts=551161018019889 nr=257 args=ffffff9c,7fffffff9c60,80000,0,7fffffff9e87,0 str1=/nix/store/algvsjnffll23bmirbg4a6aycfavk609-libxcursor-1.2.3/lib/glibc-hwcaps/x86-64-v3/libgmp.so.10
EXIT pid=836590 ts=551161018040386 ret=-2 err=1
ENTER pid=836590 ts=551161018054982 nr=262 args=ffffff9c,7fffffff9c60,7fffffff9d30,0,0,0
EXIT pid=836590 ts=551161018071165 ret=-2 err=1
ENTER pid=836590 ts=551161018085312 nr=257 args=ffffff9c,7fffffff9c60,80000,0,7fffffff9e87,0 str1=/nix/store/algvsjnffll23bmirbg4a6aycfavk609-libxcursor-1.2.3/lib/glibc-hwcaps/x86-64-v2/libgmp.so.10
EXIT pid=836590 ts=551161018104341 ret=-2 err=1
ENTER pid=836590 ts=551161018118215 nr=262 args=ffffff9c,7fffffff9c60,7fffffff9d30,0,0,0
EXIT pid=836590 ts=551161018134305 ret=-2 err=1
ENTER pid=836590 ts=551161018147803 nr=257 args=ffffff9c,7fffffff9c60,80000,0,7fffffff9e87,0 str1=/nix/store/algvsjnffll23bmirbg4a6aycfavk609-libxcursor-1.2.3/lib/libgmp.so.10
EXIT pid=836590 ts=551161018167170 ret=-2 err=1
ENTER pid=836590 ts=551161018181252 nr=262 args=ffffff9c,7fffffff9c60,7fffffff9d30,0,0,0
EXIT pid=836590 ts=551161018198035 ret=0 err=0
ENTER pid=836590 ts=551161018211757 nr=257 args=ffffff9c,7fffffff9c60,80000,0,7fffffff9e87,0 str1=/nix/store/kvg5r55y17ybrs2gccjbj4vdg9sp69ia-libxi-1.8.3/lib/glibc-hwcaps/x86-64-v3/libgmp.so.10
EXIT pid=836590 ts=551161018250820 ret=-2 err=1
ENTER pid=836590 ts=551161018275712 nr=262 args=ffffff9c,7fffffff9c60,7fffffff9d30,0,0,0
EXIT pid=836590 ts=551161018292994 ret=-2 err=1
ENTER pid=836590 ts=551161018307583 nr=257 args=ffffff9c,7fffffff9c60,80000,0,7fffffff9e87,0 str1=/nix/store/kvg5r55y17ybrs2gccjbj4vdg9sp69ia-libxi-1.8.3/lib/glibc-hwcaps/x86-64-v2/libgmp.so.10
EXIT pid=836590 ts=551161018327372 ret=-2 err=1
ENTER pid=836590 ts=551161018341475 nr=262 args=ffffff9c,7fffffff9c60,7fffffff9d30,0,0,0
EXIT pid=836590 ts=551161018357668 ret=-2 err=1
ENTER pid=836590 ts=551161018371342 nr=257 args=ffffff9c,7fffffff9c60,80000,0,7fffffff9e87,0 str1=/nix/store/kvg5r55y17ybrs2gccjbj4vdg9sp69ia-libxi-1.8.3/lib/libgmp.so.10
EXIT pid=836590 ts=551161018390488 ret=-2 err=1
ENTER pid=836590 ts=551161018404224 nr=262 args=ffffff9c,7fffffff9c60,7fffffff9d30,0,0,0
EXIT pid=836590 ts=551161018420709 ret=0 err=0
ENTER pid=836590 ts=551161018434575 nr=257 args=ffffff9c,7fffffff9c60,80000,0,7fffffff9e87,0 str1=/nix/store/i4f1ydn42hii1y1sz1wx2pl6lkqyby1l-libxfixes-6.0.2/lib/glibc-hwcaps/x86-64-v3/libgmp.so.10
EXIT pid=836590 ts=551161018454954 ret=-2 err=1
ENTER pid=836590 ts=551161018468611 nr=262 args=ffffff9c,7fffffff9c60,7fffffff9d30,0,0,0
EXIT pid=836590 ts=551161018485309 ret=-2 err=1
ENTER pid=836590 ts=551161018499502 nr=257 args=ffffff9c,7fffffff9c60,80000,0,7fffffff9e87,0 str1=/nix/store/i4f1ydn42hii1y1sz1wx2pl6lkqyby1l-libxfixes-6.0.2/lib/glibc-hwcaps/x86-64-v2/libgmp.so.10
EXIT pid=836590 ts=551161018530369 ret=-2 err=1
ENTER pid=836590 ts=551161018547355 nr=262 args=ffffff9c,7fffffff9c60,7fffffff9d30,0,0,0
EXIT pid=836590 ts=551161018570376 ret=-2 err=1
ENTER pid=836590 ts=551161018585691 nr=257 args=ffffff9c,7fffffff9c60,80000,0,7fffffff9e87,0 str1=/nix/store/i4f1ydn42hii1y1sz1wx2pl6lkqyby1l-libxfixes-6.0.2/lib/libgmp.so.10
EXIT pid=836590 ts=551161018606825 ret=-2 err=1
ENTER pid=836590 ts=551161018622878 nr=262 args=ffffff9c,7fffffff9c60,7fffffff9d30,0,0,0
EXIT pid=836590 ts=551161018642347 ret=0 err=0
ENTER pid=836590 ts=551161018657988 nr=257 args=ffffff9c,7fffffff9c60,80000,0,7fffffff9e87,0 str1=/nix/store/jvmx7p97pjyz4a67001lg9yhk0g7qbfm-libxrandr-1.5.5/lib/glibc-hwcaps/x86-64-v3/libgmp.so.10
EXIT pid=836590 ts=551161018679161 ret=-2 err=1
ENTER pid=836590 ts=551161018693681 nr=262 args=ffffff9c,7fffffff9c60,7fffffff9d30,0,0,0
EXIT pid=836590 ts=551161018710518 ret=-2 err=1
ENTER pid=836590 ts=551161018725420 nr=257 args=ffffff9c,7fffffff9c60,80000,0,7fffffff9e87,0 str1=/nix/store/jvmx7p97pjyz4a67001lg9yhk0g7qbfm-libxrandr-1.5.5/lib/glibc-hwcaps/x86-64-v2/libgmp.so.10
EXIT pid=836590 ts=551161018744853 ret=-2 err=1
ENTER pid=836590 ts=551161018759346 nr=262 args=ffffff9c,7fffffff9c60,7fffffff9d30,0,0,0
EXIT pid=836590 ts=551161018775980 ret=-2 err=1
ENTER pid=836590 ts=551161018790296 nr=257 args=ffffff9c,7fffffff9c60,80000,0,7fffffff9e87,0 str1=/nix/store/jvmx7p97pjyz4a67001lg9yhk0g7qbfm-libxrandr-1.5.5/lib/libgmp.so.10
EXIT pid=836590 ts=551161018809690 ret=-2 err=1
ENTER pid=836590 ts=551161018823948 nr=262 args=ffffff9c,7fffffff9c60,7fffffff9d30,0,0,0
EXIT pid=836590 ts=551161018841135 ret=0 err=0
ENTER pid=836590 ts=551161018855482 nr=257 args=ffffff9c,7fffffff9c60,80000,0,7fffffff9e87,0 str1=/nix/store/avkwd1sfvr31c5ffd06qj0grvyp9pb2w-libxrender-0.9.12/lib/glibc-hwcaps/x86-64-v3/libgmp.so.10
EXIT pid=836590 ts=551161018876164 ret=-2 err=1
ENTER pid=836590 ts=551161018891433 nr=262 args=ffffff9c,7fffffff9c60,7fffffff9d30,0,0,0
EXIT pid=836590 ts=551161018913557 ret=-2 err=1
ENTER pid=836590 ts=551161019039368 nr=257 args=ffffff9c,7fffffff9c60,80000,0,7fffffff9e87,0 str1=/nix/store/avkwd1sfvr31c5ffd06qj0grvyp9pb2w-libxrender-0.9.12/lib/glibc-hwcaps/x86-64-v2/libgmp.so.10
EXIT pid=836590 ts=551161019072628 ret=-2 err=1
ENTER pid=836590 ts=551161019092649 nr=262 args=ffffff9c,7fffffff9c60,7fffffff9d30,0,0,0
EXIT pid=836590 ts=551161019120140 ret=-2 err=1
ENTER pid=836590 ts=551161019138158 nr=257 args=ffffff9c,7fffffff9c60,80000,0,7fffffff9e87,0 str1=/nix/store/avkwd1sfvr31c5ffd06qj0grvyp9pb2w-libxrender-0.9.12/lib/libgmp.so.10
EXIT pid=836590 ts=551161019161182 ret=-2 err=1
ENTER pid=836590 ts=551161019175296 nr=262 args=ffffff9c,7fffffff9c60,7fffffff9d30,0,0,0
EXIT pid=836590 ts=551161019191956 ret=0 err=0
ENTER pid=836590 ts=551161019206119 nr=257 args=ffffff9c,7fffffff9c60,80000,0,7fffffff9e87,0 str1=/nix/store/fvjava8j30snn73swinnx10x8c6s8sy7-libxinerama-1.1.6/lib/glibc-hwcaps/x86-64-v3/libgmp.so.10
EXIT pid=836590 ts=551161019226404 ret=-2 err=1
ENTER pid=836590 ts=551161019240522 nr=262 args=ffffff9c,7fffffff9c60,7fffffff9d30,0,0,0
EXIT pid=836590 ts=551161019256528 ret=-2 err=1
ENTER pid=836590 ts=551161019270190 nr=257 args=ffffff9c,7fffffff9c60,80000,0,7fffffff9e87,0 str1=/nix/store/fvjava8j30snn73swinnx10x8c6s8sy7-libxinerama-1.1.6/lib/glibc-hwcaps/x86-64-v2/libgmp.so.10
EXIT pid=836590 ts=551161019288916 ret=-2 err=1
ENTER pid=836590 ts=551161019302652 nr=262 args=ffffff9c,7fffffff9c60,7fffffff9d30,0,0,0
EXIT pid=836590 ts=551161019318832 ret=-2 err=1
ENTER pid=836590 ts=551161019332484 nr=257 args=ffffff9c,7fffffff9c60,80000,0,7fffffff9e87,0 str1=/nix/store/fvjava8j30snn73swinnx10x8c6s8sy7-libxinerama-1.1.6/lib/libgmp.so.10
EXIT pid=836590 ts=551161019352727 ret=-2 err=1
ENTER pid=836590 ts=551161019366667 nr=262 args=ffffff9c,7fffffff9c60,7fffffff9d30,0,0,0
EXIT pid=836590 ts=551161019383348 ret=0 err=0
ENTER pid=836590 ts=551161019396793 nr=257 args=ffffff9c,7fffffff9c60,80000,0,7fffffff9e87,0 str1=/nix/store/d0z7d2gfad9hdcvvz4wz5y3606ryn5bf-libxscrnsaver-1.2.5/lib/glibc-hwcaps/x86-64-v3/libgmp.so.10
EXIT pid=836590 ts=551161019416822 ret=-2 err=1
ENTER pid=836590 ts=551161019430632 nr=262 args=ffffff9c,7fffffff9c60,7fffffff9d30,0,0,0
EXIT pid=836590 ts=551161019452598 ret=-2 err=1
ENTER pid=836590 ts=551161019466793 nr=257 args=ffffff9c,7fffffff9c60,80000,0,7fffffff9e87,0 str1=/nix/store/d0z7d2gfad9hdcvvz4wz5y3606ryn5bf-libxscrnsaver-1.2.5/lib/glibc-hwcaps/x86-64-v2/libgmp.so.10
EXIT pid=836590 ts=551161019486009 ret=-2 err=1
ENTER pid=836590 ts=551161019500000 nr=262 args=ffffff9c,7fffffff9c60,7fffffff9d30,0,0,0
EXIT pid=836590 ts=551161019516064 ret=-2 err=1
ENTER pid=836590 ts=551161019530294 nr=257 args=ffffff9c,7fffffff9c60,80000,0,7fffffff9e87,0 str1=/nix/store/d0z7d2gfad9hdcvvz4wz5y3606ryn5bf-libxscrnsaver-1.2.5/lib/libgmp.so.10
EXIT pid=836590 ts=551161019550995 ret=-2 err=1
ENTER pid=836590 ts=551161019565662 nr=262 args=ffffff9c,7fffffff9c60,7fffffff9d30,0,0,0
EXIT pid=836590 ts=551161019582328 ret=0 err=0
ENTER pid=836590 ts=551161019596004 nr=257 args=ffffff9c,7fffffff9c60,80000,0,7fffffff9e87,0 str1=/run/opengl-driver/lib/glibc-hwcaps/x86-64-v3/libgmp.so.10
EXIT pid=836590 ts=551161019622971 ret=-2 err=1
ENTER pid=836590 ts=551161019636842 nr=262 args=ffffff9c,7fffffff9c60,7fffffff9d30,0,0,0
EXIT pid=836590 ts=551161019654833 ret=-2 err=1
ENTER pid=836590 ts=551161019669247 nr=257 args=ffffff9c,7fffffff9c60,80000,0,7fffffff9e87,0 str1=/run/opengl-driver/lib/glibc-hwcaps/x86-64-v2/libgmp.so.10
EXIT pid=836590 ts=551161019688845 ret=-2 err=1
ENTER pid=836590 ts=551161019702721 nr=262 args=ffffff9c,7fffffff9c60,7fffffff9d30,0,0,0
EXIT pid=836590 ts=551161019719745 ret=-2 err=1
ENTER pid=836590 ts=551161019733307 nr=257 args=ffffff9c,7fffffff9c60,80000,0,7fffffff9e87,0 str1=/run/opengl-driver/lib/libgmp.so.10
EXIT pid=836590 ts=551161019753664 ret=-2 err=1
ENTER pid=836590 ts=551161019767937 nr=262 args=ffffff9c,7fffffff9c60,7fffffff9d30,0,0,0
EXIT pid=836590 ts=551161019785323 ret=-2 err=1
ENTER pid=836590 ts=551161019799881 nr=257 args=ffffff9c,7fffffff9c60,80000,0,7fffffff9e87,0 str1=/nix/store/8jnb0l7s676sp8p1mh8n2188gk6vjgwp-acl-2.4.0/lib/glibc-hwcaps/x86-64-v3/libgmp.so.10
EXIT pid=836590 ts=551161019820775 ret=-2 err=1
ENTER pid=836590 ts=551161019836784 nr=262 args=ffffff9c,7fffffff9c60,7fffffff9d30,0,0,0
EXIT pid=836590 ts=551161019852733 ret=-2 err=1
ENTER pid=836590 ts=551161019866363 nr=257 args=ffffff9c,7fffffff9c60,80000,0,7fffffff9e87,0 str1=/nix/store/8jnb0l7s676sp8p1mh8n2188gk6vjgwp-acl-2.4.0/lib/glibc-hwcaps/x86-64-v2/libgmp.so.10
EXIT pid=836590 ts=551161019885070 ret=-2 err=1
ENTER pid=836590 ts=551161019898514 nr=262 args=ffffff9c,7fffffff9c60,7fffffff9d30,0,0,0
EXIT pid=836590 ts=551161019914155 ret=-2 err=1
ENTER pid=836590 ts=551161019927375 nr=257 args=ffffff9c,7fffffff9c60,80000,0,7fffffff9e87,0 str1=/nix/store/8jnb0l7s676sp8p1mh8n2188gk6vjgwp-acl-2.4.0/lib/libgmp.so.10
EXIT pid=836590 ts=551161019946166 ret=-2 err=1
ENTER pid=836590 ts=551161019959578 nr=262 args=ffffff9c,7fffffff9c60,7fffffff9d30,0,0,0
EXIT pid=836590 ts=551161019975619 ret=0 err=0
ENTER pid=836590 ts=551161019989496 nr=257 args=ffffff9c,7fffffff9c60,80000,0,7fffffff9e87,0 str1=/nix/store/bb2jb295969rw2xmijf6s578yb0pxypr-attr-2.6.0/lib/glibc-hwcaps/x86-64-v3/libgmp.so.10
EXIT pid=836590 ts=551161020010266 ret=-2 err=1
ENTER pid=836590 ts=551161020024837 nr=262 args=ffffff9c,7fffffff9c60,7fffffff9d30,0,0,0
EXIT pid=836590 ts=551161020041594 ret=-2 err=1
ENTER pid=836590 ts=551161020055639 nr=257 args=ffffff9c,7fffffff9c60,80000,0,7fffffff9e87,0 str1=/nix/store/bb2jb295969rw2xmijf6s578yb0pxypr-attr-2.6.0/lib/glibc-hwcaps/x86-64-v2/libgmp.so.10
EXIT pid=836590 ts=551161020075078 ret=-2 err=1
ENTER pid=836590 ts=551161020089282 nr=262 args=ffffff9c,7fffffff9c60,7fffffff9d30,0,0,0
EXIT pid=836590 ts=551161020106706 ret=-2 err=1
ENTER pid=836590 ts=551161020120311 nr=257 args=ffffff9c,7fffffff9c60,80000,0,7fffffff9e87,0 str1=/nix/store/bb2jb295969rw2xmijf6s578yb0pxypr-attr-2.6.0/lib/libgmp.so.10
EXIT pid=836590 ts=551161020140324 ret=-2 err=1
ENTER pid=836590 ts=551161020154430 nr=262 args=ffffff9c,7fffffff9c60,7fffffff9d30,0,0,0
EXIT pid=836590 ts=551161020171597 ret=0 err=0
ENTER pid=836590 ts=551161020189477 nr=257 args=ffffff9c,7fffffff9c60,80000,0,7fffffff9e87,0 str1=/nix/store/bmyw1idq6xyp1h4ksmb14s4imwnf8vwa-gmp-with-cxx-6.3.0/lib/glibc-hwcaps/x86-64-v3/libgmp.so.10
EXIT pid=836590 ts=551161020211392 ret=-2 err=1
ENTER pid=836590 ts=551161020225892 nr=262 args=ffffff9c,7fffffff9c60,7fffffff9d30,0,0,0
EXIT pid=836590 ts=551161020243723 ret=-2 err=1
ENTER pid=836590 ts=551161020258610 nr=257 args=ffffff9c,7fffffff9c60,80000,0,7fffffff9e87,0 str1=/nix/store/bmyw1idq6xyp1h4ksmb14s4imwnf8vwa-gmp-with-cxx-6.3.0/lib/glibc-hwcaps/x86-64-v2/libgmp.so.10
EXIT pid=836590 ts=551161020279261 ret=-2 err=1
ENTER pid=836590 ts=551161020293712 nr=262 args=ffffff9c,7fffffff9c60,7fffffff9d30,0,0,0
EXIT pid=836590 ts=551161020311655 ret=-2 err=1
ENTER pid=836590 ts=551161020325862 nr=257 args=ffffff9c,7fffffff9c60,80000,0,7fffffff9e87,0 str1=/nix/store/bmyw1idq6xyp1h4ksmb14s4imwnf8vwa-gmp-with-cxx-6.3.0/lib/libgmp.so.10
EXIT pid=836590 ts=551161020353777 ret=3 err=0
ENTER pid=836590 ts=551161020368563 nr=0 args=3,7fffffff9ea8,340,0,7fffffff9e87,0
EXIT pid=836590 ts=551161020388548 ret=832 err=0
ENTER pid=836590 ts=551161020404062 nr=5 args=3,7fffffff9d30,3,0,7ffff7fbd020,7ffff7ffe2f0
EXIT pid=836590 ts=551161020421002 ret=0 err=0
ENTER pid=836590 ts=551161020437760 nr=9 args=0,a9208,1,802,3,0
EXIT pid=836590 ts=551161020470626 ret=140737353162752 err=0
ENTER pid=836590 ts=551161020484867 nr=9 args=7ffff7f24000,80000,5,812,3,12000
EXIT pid=836590 ts=551161020524629 ret=140737353236480 err=0
ENTER pid=836590 ts=551161020558265 nr=9 args=7ffff7fa4000,15000,1,812,3,92000
EXIT pid=836590 ts=551161020650029 ret=140737353760768 err=0
ENTER pid=836590 ts=551161020669118 nr=9 args=7ffff7fb9000,3000,3,812,3,a6000
EXIT pid=836590 ts=551161020696011 ret=140737353846784 err=0
ENTER pid=836590 ts=551161020747700 nr=3 args=3,0,0,0,0,0
EXIT pid=836590 ts=551161020765281 ret=0 err=0
ENTER pid=836590 ts=551161020785943 nr=257 args=ffffff9c,7fffffff9c40,80000,0,7fffffff9e67,0 str1=/nix/store/rarvfpm927fcbd6b9p0crg09w9r3ywb3-libglvnd-1.7.0/lib/libacl.so.1
EXIT pid=836590 ts=551161020816068 ret=-2 err=1
ENTER pid=836590 ts=551161020831575 nr=257 args=ffffff9c,7fffffff9c40,80000,0,7fffffff9e67,0 str1=/nix/store/v5c40hysv678q0yjwvdi0q97rdmxr9r4-mesa-26.2.1/lib/libacl.so.1
EXIT pid=836590 ts=551161020852654 ret=-2 err=1
ENTER pid=836590 ts=551161020867117 nr=257 args=ffffff9c,7fffffff9c40,80000,0,7fffffff9e67,0 str1=/nix/store/yk95z4hjlzdk418px0fc797qszccfj5p-libxkbcommon-1.13.2/lib/libacl.so.1
EXIT pid=836590 ts=551161020887611 ret=-2 err=1
ENTER pid=836590 ts=551161020902330 nr=257 args=ffffff9c,7fffffff9c40,80000,0,7fffffff9e67,0 str1=/nix/store/vjcwhp0milwa1jqy1inpjxrsh8hjrgwc-wayland-1.26.0/lib/libacl.so.1
EXIT pid=836590 ts=551161020922459 ret=-2 err=1
ENTER pid=836590 ts=551161020936934 nr=257 args=ffffff9c,7fffffff9c40,80000,0,7fffffff9e67,0 str1=/nix/store/gvgz0nm1mwj50k0xd2pr78bx9m5mjxvj-alsa-lib-1.2.16.1/lib/libacl.so.1
EXIT pid=836590 ts=551161020957026 ret=-2 err=1
ENTER pid=836590 ts=551161020971224 nr=257 args=ffffff9c,7fffffff9c40,80000,0,7fffffff9e67,0 str1=/nix/store/f6d24l529dpahfyl534pv61laggcnbin-libpulseaudio-17.0/lib/libacl.so.1
EXIT pid=836590 ts=551161020991324 ret=-2 err=1
ENTER pid=836590 ts=551161021006038 nr=257 args=ffffff9c,7fffffff9c40,80000,0,7fffffff9e67,0 str1=/nix/store/3vlnkr6z7hh86rrn087df45s4cfjxy65-libx11-1.8.13/lib/libacl.so.1
EXIT pid=836590 ts=551161021026367 ret=-2 err=1
ENTER pid=836590 ts=551161021040644 nr=257 args=ffffff9c,7fffffff9c40,80000,0,7fffffff9e67,0 str1=/nix/store/m51xyp95w4gnhcbncz6xi0x5519m293i-libxext-1.3.7/lib/libacl.so.1
EXIT pid=836590 ts=551161021061230 ret=-2 err=1
ENTER pid=836590 ts=551161021075643 nr=257 args=ffffff9c,7fffffff9c40,80000,0,7fffffff9e67,0 str1=/nix/store/algvsjnffll23bmirbg4a6aycfavk609-libxcursor-1.2.3/lib/libacl.so.1
EXIT pid=836590 ts=551161021096740 ret=-2 err=1
ENTER pid=836590 ts=551161021111074 nr=257 args=ffffff9c,7fffffff9c40,80000,0,7fffffff9e67,0 str1=/nix/store/kvg5r55y17ybrs2gccjbj4vdg9sp69ia-libxi-1.8.3/lib/libacl.so.1
EXIT pid=836590 ts=551161021131008 ret=-2 err=1
ENTER pid=836590 ts=551161021157958 nr=257 args=ffffff9c,7fffffff9c40,80000,0,7fffffff9e67,0 str1=/nix/store/i4f1ydn42hii1y1sz1wx2pl6lkqyby1l-libxfixes-6.0.2/lib/libacl.so.1
EXIT pid=836590 ts=551161021178153 ret=-2 err=1
ENTER pid=836590 ts=551161021192426 nr=257 args=ffffff9c,7fffffff9c40,80000,0,7fffffff9e67,0 str1=/nix/store/jvmx7p97pjyz4a67001lg9yhk0g7qbfm-libxrandr-1.5.5/lib/libacl.so.1
EXIT pid=836590 ts=551161021217934 ret=-2 err=1
ENTER pid=836590 ts=551161021233268 nr=257 args=ffffff9c,7fffffff9c40,80000,0,7fffffff9e67,0 str1=/nix/store/avkwd1sfvr31c5ffd06qj0grvyp9pb2w-libxrender-0.9.12/lib/libacl.so.1
EXIT pid=836590 ts=551161021252967 ret=-2 err=1
ENTER pid=836590 ts=551161021267413 nr=257 args=ffffff9c,7fffffff9c40,80000,0,7fffffff9e67,0 str1=/nix/store/fvjava8j30snn73swinnx10x8c6s8sy7-libxinerama-1.1.6/lib/libacl.so.1
EXIT pid=836590 ts=551161021288286 ret=-2 err=1
ENTER pid=836590 ts=551161021304113 nr=257 args=ffffff9c,7fffffff9c40,80000,0,7fffffff9e67,0 str1=/nix/store/d0z7d2gfad9hdcvvz4wz5y3606ryn5bf-libxscrnsaver-1.2.5/lib/libacl.so.1
EXIT pid=836590 ts=551161021324208 ret=-2 err=1
ENTER pid=836590 ts=551161021339512 nr=257 args=ffffff9c,7fffffff9c40,80000,0,7fffffff9e67,0 str1=/nix/store/8jnb0l7s676sp8p1mh8n2188gk6vjgwp-acl-2.4.0/lib/libacl.so.1
EXIT pid=836590 ts=551161021368456 ret=3 err=0
ENTER pid=836590 ts=551161021383498 nr=0 args=3,7fffffff9e88,340,0,7fffffff9e67,0
EXIT pid=836590 ts=551161021402779 ret=832 err=0
ENTER pid=836590 ts=551161021417832 nr=5 args=3,7fffffff9d10,3,0,7ffff7fbd5b0,7ffff7ffe2f0
EXIT pid=836590 ts=551161021434847 ret=0 err=0
ENTER pid=836590 ts=551161021451342 nr=9 args=0,d048,1,802,3,0
EXIT pid=836590 ts=551161021473941 ret=140737353105408 err=0
ENTER pid=836590 ts=551161021488928 nr=9 args=7ffff7f07000,7000,5,812,3,3000
EXIT pid=836590 ts=551161021526145 ret=140737353117696 err=0
ENTER pid=836590 ts=551161021540641 nr=9 args=7ffff7f0e000,2000,1,812,3,a000
EXIT pid=836590 ts=551161021586919 ret=140737353146368 err=0
ENTER pid=836590 ts=551161021611451 nr=9 args=7ffff7f10000,2000,3,812,3,b000
EXIT pid=836590 ts=551161021633420 ret=140737353154560 err=0
ENTER pid=836590 ts=551161021671475 nr=3 args=3,0,0,0,0,0
EXIT pid=836590 ts=551161021687808 ret=0 err=0
ENTER pid=836590 ts=551161021703932 nr=257 args=ffffff9c,7fffffff9c20,80000,0,7fffffff9e47,0 str1=/nix/store/rarvfpm927fcbd6b9p0crg09w9r3ywb3-libglvnd-1.7.0/lib/libattr.so.1
EXIT pid=836590 ts=551161021725524 ret=-2 err=1
ENTER pid=836590 ts=551161021740075 nr=257 args=ffffff9c,7fffffff9c20,80000,0,7fffffff9e47,0 str1=/nix/store/v5c40hysv678q0yjwvdi0q97rdmxr9r4-mesa-26.2.1/lib/libattr.so.1
EXIT pid=836590 ts=551161021759715 ret=-2 err=1
ENTER pid=836590 ts=551161021774136 nr=257 args=ffffff9c,7fffffff9c20,80000,0,7fffffff9e47,0 str1=/nix/store/yk95z4hjlzdk418px0fc797qszccfj5p-libxkbcommon-1.13.2/lib/libattr.so.1
EXIT pid=836590 ts=551161021794122 ret=-2 err=1
ENTER pid=836590 ts=551161021808560 nr=257 args=ffffff9c,7fffffff9c20,80000,0,7fffffff9e47,0 str1=/nix/store/vjcwhp0milwa1jqy1inpjxrsh8hjrgwc-wayland-1.26.0/lib/libattr.so.1
EXIT pid=836590 ts=551161021828267 ret=-2 err=1
ENTER pid=836590 ts=551161021842846 nr=257 args=ffffff9c,7fffffff9c20,80000,0,7fffffff9e47,0 str1=/nix/store/gvgz0nm1mwj50k0xd2pr78bx9m5mjxvj-alsa-lib-1.2.16.1/lib/libattr.so.1
EXIT pid=836590 ts=551161021862228 ret=-2 err=1
ENTER pid=836590 ts=551161021876603 nr=257 args=ffffff9c,7fffffff9c20,80000,0,7fffffff9e47,0 str1=/nix/store/f6d24l529dpahfyl534pv61laggcnbin-libpulseaudio-17.0/lib/libattr.so.1
EXIT pid=836590 ts=551161021895941 ret=-2 err=1
ENTER pid=836590 ts=551161021910181 nr=257 args=ffffff9c,7fffffff9c20,80000,0,7fffffff9e47,0 str1=/nix/store/3vlnkr6z7hh86rrn087df45s4cfjxy65-libx11-1.8.13/lib/libattr.so.1
EXIT pid=836590 ts=551161021929468 ret=-2 err=1
ENTER pid=836590 ts=551161021943590 nr=257 args=ffffff9c,7fffffff9c20,80000,0,7fffffff9e47,0 str1=/nix/store/m51xyp95w4gnhcbncz6xi0x5519m293i-libxext-1.3.7/lib/libattr.so.1
EXIT pid=836590 ts=551161021962701 ret=-2 err=1
ENTER pid=836590 ts=551161021977284 nr=257 args=ffffff9c,7fffffff9c20,80000,0,7fffffff9e47,0 str1=/nix/store/algvsjnffll23bmirbg4a6aycfavk609-libxcursor-1.2.3/lib/libattr.so.1
EXIT pid=836590 ts=551161022000234 ret=-2 err=1
ENTER pid=836590 ts=551161022014380 nr=257 args=ffffff9c,7fffffff9c20,80000,0,7fffffff9e47,0 str1=/nix/store/kvg5r55y17ybrs2gccjbj4vdg9sp69ia-libxi-1.8.3/lib/libattr.so.1
EXIT pid=836590 ts=551161022033795 ret=-2 err=1
ENTER pid=836590 ts=551161022047966 nr=257 args=ffffff9c,7fffffff9c20,80000,0,7fffffff9e47,0 str1=/nix/store/i4f1ydn42hii1y1sz1wx2pl6lkqyby1l-libxfixes-6.0.2/lib/libattr.so.1
EXIT pid=836590 ts=551161022066872 ret=-2 err=1
ENTER pid=836590 ts=551161022081299 nr=257 args=ffffff9c,7fffffff9c20,80000,0,7fffffff9e47,0 str1=/nix/store/jvmx7p97pjyz4a67001lg9yhk0g7qbfm-libxrandr-1.5.5/lib/libattr.so.1
EXIT pid=836590 ts=551161022100408 ret=-2 err=1
ENTER pid=836590 ts=551161022114745 nr=257 args=ffffff9c,7fffffff9c20,80000,0,7fffffff9e47,0 str1=/nix/store/avkwd1sfvr31c5ffd06qj0grvyp9pb2w-libxrender-0.9.12/lib/libattr.so.1
EXIT pid=836590 ts=551161022134160 ret=-2 err=1
ENTER pid=836590 ts=551161022148661 nr=257 args=ffffff9c,7fffffff9c20,80000,0,7fffffff9e47,0 str1=/nix/store/fvjava8j30snn73swinnx10x8c6s8sy7-libxinerama-1.1.6/lib/libattr.so.1
EXIT pid=836590 ts=551161022168365 ret=-2 err=1
ENTER pid=836590 ts=551161022182831 nr=257 args=ffffff9c,7fffffff9c20,80000,0,7fffffff9e47,0 str1=/nix/store/d0z7d2gfad9hdcvvz4wz5y3606ryn5bf-libxscrnsaver-1.2.5/lib/libattr.so.1
EXIT pid=836590 ts=551161022202333 ret=-2 err=1
ENTER pid=836590 ts=551161022217103 nr=257 args=ffffff9c,7fffffff9c20,80000,0,7fffffff9e47,0 str1=/nix/store/8jnb0l7s676sp8p1mh8n2188gk6vjgwp-acl-2.4.0/lib/libattr.so.1
EXIT pid=836590 ts=551161022236409 ret=-2 err=1
ENTER pid=836590 ts=551161022252671 nr=257 args=ffffff9c,7fffffff9c20,80000,0,7fffffff9e47,0 str1=/nix/store/bb2jb295969rw2xmijf6s578yb0pxypr-attr-2.6.0/lib/libattr.so.1
EXIT pid=836590 ts=551161022280021 ret=3 err=0
ENTER pid=836590 ts=551161022296634 nr=0 args=3,7fffffff9e68,340,0,7fffffff9e47,0
EXIT pid=836590 ts=551161022314194 ret=832 err=0
ENTER pid=836590 ts=551161022328672 nr=5 args=3,7fffffff9cf0,3,0,7ffff7fbdb40,7ffff7ffe2f0
EXIT pid=836590 ts=551161022344894 ret=0 err=0
ENTER pid=836590 ts=551161022360517 nr=9 args=0,2000,3,22,ffffffff,0
EXIT pid=836590 ts=551161022381409 ret=140737353097216 err=0
ENTER pid=836590 ts=551161022402619 nr=9 args=0,7018,1,802,3,0
EXIT pid=836590 ts=551161022421962 ret=140737353064448 err=0
ENTER pid=836590 ts=551161022436320 nr=9 args=7ffff7efc000,3000,5,812,3,2000
EXIT pid=836590 ts=551161022460386 ret=140737353072640 err=0
ENTER pid=836590 ts=551161022482691 nr=9 args=7ffff7eff000,1000,1,812,3,5000
EXIT pid=836590 ts=551161022504514 ret=140737353084928 err=0
ENTER pid=836590 ts=551161022518801 nr=9 args=7ffff7f00000,2000,3,812,3,5000
EXIT pid=836590 ts=551161022539640 ret=140737353089024 err=0
ENTER pid=836590 ts=551161022572209 nr=3 args=3,0,0,0,0,0
EXIT pid=836590 ts=551161022588233 ret=0 err=0
ENTER pid=836590 ts=551161022604020 nr=257 args=ffffff9c,7fffffff9c00,80000,0,7fffffff9e27,0 str1=/nix/store/rarvfpm927fcbd6b9p0crg09w9r3ywb3-libglvnd-1.7.0/lib/libc.so.6
EXIT pid=836590 ts=551161022624894 ret=-2 err=1
ENTER pid=836590 ts=551161022640754 nr=257 args=ffffff9c,7fffffff9c00,80000,0,7fffffff9e27,0 str1=/nix/store/v5c40hysv678q0yjwvdi0q97rdmxr9r4-mesa-26.2.1/lib/libc.so.6
EXIT pid=836590 ts=551161022668849 ret=-2 err=1
ENTER pid=836590 ts=551161022688896 nr=257 args=ffffff9c,7fffffff9c00,80000,0,7fffffff9e27,0 str1=/nix/store/yk95z4hjlzdk418px0fc797qszccfj5p-libxkbcommon-1.13.2/lib/libc.so.6
EXIT pid=836590 ts=551161022712258 ret=-2 err=1
ENTER pid=836590 ts=551161022727272 nr=257 args=ffffff9c,7fffffff9c00,80000,0,7fffffff9e27,0 str1=/nix/store/vjcwhp0milwa1jqy1inpjxrsh8hjrgwc-wayland-1.26.0/lib/libc.so.6
EXIT pid=836590 ts=551161022747146 ret=-2 err=1
ENTER pid=836590 ts=551161022762099 nr=257 args=ffffff9c,7fffffff9c00,80000,0,7fffffff9e27,0 str1=/nix/store/gvgz0nm1mwj50k0xd2pr78bx9m5mjxvj-alsa-lib-1.2.16.1/lib/libc.so.6
EXIT pid=836590 ts=551161022781636 ret=-2 err=1
ENTER pid=836590 ts=551161022799703 nr=257 args=ffffff9c,7fffffff9c00,80000,0,7fffffff9e27,0 str1=/nix/store/f6d24l529dpahfyl534pv61laggcnbin-libpulseaudio-17.0/lib/libc.so.6
EXIT pid=836590 ts=551161022819112 ret=-2 err=1
ENTER pid=836590 ts=551161022833558 nr=257 args=ffffff9c,7fffffff9c00,80000,0,7fffffff9e27,0 str1=/nix/store/3vlnkr6z7hh86rrn087df45s4cfjxy65-libx11-1.8.13/lib/libc.so.6
EXIT pid=836590 ts=551161022853578 ret=-2 err=1
ENTER pid=836590 ts=551161022867966 nr=257 args=ffffff9c,7fffffff9c00,80000,0,7fffffff9e27,0 str1=/nix/store/m51xyp95w4gnhcbncz6xi0x5519m293i-libxext-1.3.7/lib/libc.so.6
EXIT pid=836590 ts=551161022887373 ret=-2 err=1
ENTER pid=836590 ts=551161022901969 nr=257 args=ffffff9c,7fffffff9c00,80000,0,7fffffff9e27,0 str1=/nix/store/algvsjnffll23bmirbg4a6aycfavk609-libxcursor-1.2.3/lib/libc.so.6
EXIT pid=836590 ts=551161022921411 ret=-2 err=1
ENTER pid=836590 ts=551161022935907 nr=257 args=ffffff9c,7fffffff9c00,80000,0,7fffffff9e27,0 str1=/nix/store/kvg5r55y17ybrs2gccjbj4vdg9sp69ia-libxi-1.8.3/lib/libc.so.6
EXIT pid=836590 ts=551161022955372 ret=-2 err=1
ENTER pid=836590 ts=551161022969866 nr=257 args=ffffff9c,7fffffff9c00,80000,0,7fffffff9e27,0 str1=/nix/store/i4f1ydn42hii1y1sz1wx2pl6lkqyby1l-libxfixes-6.0.2/lib/libc.so.6
EXIT pid=836590 ts=551161022989533 ret=-2 err=1
ENTER pid=836590 ts=551161023004020 nr=257 args=ffffff9c,7fffffff9c00,80000,0,7fffffff9e27,0 str1=/nix/store/jvmx7p97pjyz4a67001lg9yhk0g7qbfm-libxrandr-1.5.5/lib/libc.so.6
EXIT pid=836590 ts=551161023023522 ret=-2 err=1
ENTER pid=836590 ts=551161023037942 nr=257 args=ffffff9c,7fffffff9c00,80000,0,7fffffff9e27,0 str1=/nix/store/avkwd1sfvr31c5ffd06qj0grvyp9pb2w-libxrender-0.9.12/lib/libc.so.6
EXIT pid=836590 ts=551161023057275 ret=-2 err=1
ENTER pid=836590 ts=551161023071602 nr=257 args=ffffff9c,7fffffff9c00,80000,0,7fffffff9e27,0 str1=/nix/store/fvjava8j30snn73swinnx10x8c6s8sy7-libxinerama-1.1.6/lib/libc.so.6
EXIT pid=836590 ts=551161023102881 ret=-2 err=1
ENTER pid=836590 ts=551161023135140 nr=257 args=ffffff9c,7fffffff9c00,80000,0,7fffffff9e27,0 str1=/nix/store/d0z7d2gfad9hdcvvz4wz5y3606ryn5bf-libxscrnsaver-1.2.5/lib/libc.so.6
EXIT pid=836590 ts=551161023165655 ret=-2 err=1
ENTER pid=836590 ts=551161023182365 nr=257 args=ffffff9c,7fffffff9c00,80000,0,7fffffff9e27,0 str1=/nix/store/8jnb0l7s676sp8p1mh8n2188gk6vjgwp-acl-2.4.0/lib/libc.so.6
EXIT pid=836590 ts=551161023204020 ret=-2 err=1
ENTER pid=836590 ts=551161023219686 nr=257 args=ffffff9c,7fffffff9c00,80000,0,7fffffff9e27,0 str1=/nix/store/bb2jb295969rw2xmijf6s578yb0pxypr-attr-2.6.0/lib/libc.so.6
EXIT pid=836590 ts=551161023240672 ret=-2 err=1
ENTER pid=836590 ts=551161023255609 nr=257 args=ffffff9c,7fffffff9c00,80000,0,7fffffff9e27,0 str1=/nix/store/bmyw1idq6xyp1h4ksmb14s4imwnf8vwa-gmp-with-cxx-6.3.0/lib/libc.so.6
EXIT pid=836590 ts=551161023275916 ret=-2 err=1
ENTER pid=836590 ts=551161023290500 nr=257 args=ffffff9c,7fffffff9c00,80000,0,7fffffff9e27,0 str1=/nix/store/n51dhmdbik1kfrsm62j5knavmigwrl1a-glibc-2.42-84/lib/glibc-hwcaps/x86-64-v3/libc.so.6
EXIT pid=836590 ts=551161023310778 ret=-2 err=1
ENTER pid=836590 ts=551161023325249 nr=262 args=ffffff9c,7fffffff9c00,7fffffff9cd0,0,0,0
EXIT pid=836590 ts=551161023342387 ret=-2 err=1
ENTER pid=836590 ts=551161023356561 nr=257 args=ffffff9c,7fffffff9c00,80000,0,7fffffff9e27,0 str1=/nix/store/n51dhmdbik1kfrsm62j5knavmigwrl1a-glibc-2.42-84/lib/glibc-hwcaps/x86-64-v2/libc.so.6
EXIT pid=836590 ts=551161023375911 ret=-2 err=1
ENTER pid=836590 ts=551161023390109 nr=262 args=ffffff9c,7fffffff9c00,7fffffff9cd0,0,0,0
EXIT pid=836590 ts=551161023407166 ret=-2 err=1
ENTER pid=836590 ts=551161023421397 nr=257 args=ffffff9c,7fffffff9c00,80000,0,7fffffff9e27,0 str1=/nix/store/n51dhmdbik1kfrsm62j5knavmigwrl1a-glibc-2.42-84/lib/libc.so.6
EXIT pid=836590 ts=551161023441593 ret=3 err=0
ENTER pid=836590 ts=551161023455959 nr=0 args=3,7fffffff9e48,340,0,7fffffff9e27,0
EXIT pid=836590 ts=551161023473324 ret=832 err=0
ENTER pid=836590 ts=551161023488208 nr=17 args=3,7fffffff9840,348,40,7fffffff9e27,0
EXIT pid=836590 ts=551161023505123 ret=840 err=0
ENTER pid=836590 ts=551161023527823 nr=5 args=3,7fffffff9cd0,3,0,7ffff7f02540,7ffff7ffe2f0
EXIT pid=836590 ts=551161023544238 ret=0 err=0
ENTER pid=836590 ts=551161023558938 nr=17 args=3,7fffffff98d0,348,40,0,0
EXIT pid=836590 ts=551161023575408 ret=840 err=0
ENTER pid=836590 ts=551161023590051 nr=9 args=0,208e50,1,802,3,0
EXIT pid=836590 ts=551161023616615 ret=140737349943296 err=0
ENTER pid=836590 ts=551161023631367 nr=9 args=7ffff7c28000,17f000,5,812,3,28000
EXIT pid=836590 ts=551161023656536 ret=140737350107136 err=0
ENTER pid=836590 ts=551161023671151 nr=9 args=7ffff7da7000,4f000,1,812,3,1a7000
EXIT pid=836590 ts=551161023692300 ret=140737351675904 err=0
ENTER pid=836590 ts=551161023706412 nr=9 args=7ffff7df6000,6000,3,812,3,1f5000
EXIT pid=836590 ts=551161023728746 ret=140737351999488 err=0
ENTER pid=836590 ts=551161023750970 nr=9 args=7ffff7dfc000,ce50,3,32,ffffffff,0
EXIT pid=836590 ts=551161023771649 ret=140737352024064 err=0
ENTER pid=836590 ts=551161023800238 nr=3 args=3,0,0,0,0,0
EXIT pid=836590 ts=551161023815962 ret=0 err=0
ENTER pid=836590 ts=551161023864023 nr=9 args=0,3000,3,22,ffffffff,0
EXIT pid=836590 ts=551161023885747 ret=140737353052160 err=0
ENTER pid=836590 ts=551161023907654 nr=158 args=1002,7ffff7ef7740,0,0,0,0
EXIT pid=836590 ts=551161023924308 ret=0 err=0
ENTER pid=836590 ts=551161023938798 nr=218 args=7ffff7ef7a10,7ffff7ffd810,7ffff7ef7740,0,0,0
EXIT pid=836590 ts=551161023954893 ret=836590 err=0
ENTER pid=836590 ts=551161023969132 nr=273 args=7ffff7ef7a20,18,7ffff7ef7740,0,0,0
EXIT pid=836590 ts=551161023985220 ret=0 err=0
ENTER pid=836590 ts=551161023999529 nr=334 args=7ffff7ef7680,20,0,53053053,ffffffffffffff40,0
EXIT pid=836590 ts=551161024015923 ret=0 err=0
ENTER pid=836590 ts=551161024135790 nr=10 args=7ffff7df6000,4000,1,0,7ffff7df6000,0
EXIT pid=836590 ts=551161024163148 ret=0 err=0
ENTER pid=836590 ts=551161024200287 nr=10 args=7ffff7f00000,1000,1,0,7ffff7f00000,0
EXIT pid=836590 ts=551161024220099 ret=0 err=0
ENTER pid=836590 ts=551161024262390 nr=10 args=7ffff7f10000,1000,1,0,7ffff7f10000,0
EXIT pid=836590 ts=551161024281922 ret=0 err=0
ENTER pid=836590 ts=551161024429325 nr=10 args=7ffff7fb9000,2000,1,0,7ffff7fb9000,0
EXIT pid=836590 ts=551161024450187 ret=0 err=0
ENTER pid=836590 ts=551161024670368 nr=10 args=5555556d5000,d000,1,0,5555556d5000,0
EXIT pid=836590 ts=551161024697229 ret=0 err=0
ENTER pid=836590 ts=551161024720000 nr=10 args=7ffff7ffb000,2000,1,0,7ffff7ffb000,0
EXIT pid=836590 ts=551161024742640 ret=0 err=0
ENTER pid=836590 ts=551161024772611 nr=302 args=0,3,0,7fffffffa8a0,0,6
EXIT pid=836590 ts=551161024788899 ret=0 err=0
ENTER pid=836590 ts=551161024850169 nr=318 args=7ffff7e01200,8,1,0,0,0
EXIT pid=836590 ts=551161024867005 ret=8 err=0
ENTER pid=836590 ts=551161024960692 nr=157 args=f,7fffffffb412,7fffffffac88,0,0,55555558c750
EXIT pid=836590 ts=551161024986989 ret=0 err=0
ENTER pid=836590 ts=551161025000980 nr=157 args=23,8,7fffffffb412,0,0,55555558c750
EXIT pid=836590 ts=551161025017324 ret=-1 err=1
ENTER pid=836590 ts=551161025057969 nr=12 args=0,7ffff7dfaac0,0,7ffff7dfab20,7ffff7dfaac0,21000
EXIT pid=836590 ts=551161025073624 ret=93824996057088 err=0
ENTER pid=836590 ts=551161025087016 nr=12 args=55555591b000,7ffff7dfaac0,5555558fa000,7ffff7dfab20,7ffff7dfaac0,21000
EXIT pid=836590 ts=551161025104797 ret=93824996192256 err=0
ENTER pid=836590 ts=551161025127083 nr=257 args=ffffff9c,7ffff7dc6c98,80000,0,ffffffff,0 str1=/run/current-system/sw/lib/locale/locale-archive
EXIT pid=836590 ts=551161025154711 ret=-2 err=1
ENTER pid=836590 ts=551161025169406 nr=257 args=ffffff9c,7ffff7dc6cd0,80000,0,ffffffff,0 str1=/usr/lib/locale/locale-archive
EXIT pid=836590 ts=551161025192348 ret=3 err=0
ENTER pid=836590 ts=551161025206739 nr=5 args=3,7ffff7dfb800,0,0,ffffffff,0
EXIT pid=836590 ts=551161025221742 ret=0 err=0
ENTER pid=836590 ts=551161025235152 nr=9 args=0,3f6710,1,2,3,0
EXIT pid=836590 ts=551161025254640 ret=140737345748992 err=0
ENTER pid=836590 ts=551161025273600 nr=3 args=3,0,2ad9,0,0,0
EXIT pid=836590 ts=551161025288880 ret=0 err=0
ENTER pid=836590 ts=551161025370830 nr=5 args=1,7fffffffa970,0,0,0,0
EXIT pid=836590 ts=551161025396036 ret=0 err=0
ENTER pid=836590 ts=551161025410988 nr=257 args=ffffffffffffff9c,7fffffffb416,0,0,0,0 str1=README.md
EXIT pid=836590 ts=551161025431591 ret=3 err=0
ENTER pid=836590 ts=551161025445403 nr=5 args=3,7fffffffaa00,0,0,0,0
EXIT pid=836590 ts=551161025460580 ret=0 err=0
ENTER pid=836590 ts=551161025477416 nr=221 args=3,0,0,2,0,0
EXIT pid=836590 ts=551161025492009 ret=0 err=0
ENTER pid=836590 ts=551161025509550 nr=9 args=0,42000,3,22,ffffffff,0
EXIT pid=836590 ts=551161025528049 ret=140737352781824 err=0
ENTER pid=836590 ts=551161025555065 nr=0 args=3,7ffff7eb6000,40000,0,0,0
EXIT pid=836590 ts=551161025576788 ret=50 err=0
ENTER pid=836590 ts=551161025591208 nr=1 args=1,7ffff7eb6000,32,0,0,0
EXIT pid=836590 ts=551161025614938 ret=50 err=0
ENTER pid=836590 ts=551161025628538 nr=0 args=3,7ffff7eb6000,40000,0,0,0
EXIT pid=836590 ts=551161025643153 ret=0 err=0
ENTER pid=836590 ts=551161025656424 nr=3 args=3,0,0,0,0,0
EXIT pid=836590 ts=551161025672286 ret=0 err=0
ENTER pid=836590 ts=551161025691851 nr=3 args=1,0,7ffff7df8ec0,0,0,0
EXIT pid=836590 ts=551161025705932 ret=0 err=0
ENTER pid=836590 ts=551161025719585 nr=3 args=2,0,7ffff7df8ec0,0,0,0
EXIT pid=836590 ts=551161025733049 ret=0 err=0
ENTER pid=836590 ts=551161025758370 nr=231 args=0,ffffffffffffffa0,0,0,0,0
EXITED pid=836590 ts=551161025934091 code=0
